<style
  data-id="css-0"
>
  .css-0 {}
</style>
<button
  class="css-0"
  onclick="function () {
        (0, _replaceAssignments.default)(_clickedSet, true);
      }"
>
  clicked
</button>