<style
  data-id="css-s0-0--0"
>
  
  .d-flex {
    display: flex;
  }

</style>