<div
  style="display:flex;"
/>
<div
  class="d-flex"
/>
<style
  data-id="css-mikro-theme"
>
  
    :host, :root {--mikro-colors-transparent: transparent;--mikro-colors-current: currentColor;--mikro-colors-black: #000000;--mikro-colors-white: #FFFFFF;--mikro-colors-whiteAlpha-50: rgba(255, 255, 255, 0.04);--mikro-colors-whiteAlpha-100: rgba(255, 255, 255, 0.06);--mikro-colors-whiteAlpha-200: rgba(255, 255, 255, 0.08);--mikro-colors-whiteAlpha-300: rgba(255, 255, 255, 0.16);--mikro-colors-whiteAlpha-400: rgba(255, 255, 255, 0.24);--mikro-colors-whiteAlpha-500: rgba(255, 255, 255, 0.36);--mikro-colors-whiteAlpha-600: rgba(255, 255, 255, 0.48);--mikro-colors-whiteAlpha-700: rgba(255, 255, 255, 0.64);--mikro-colors-whiteAlpha-800: rgba(255, 255, 255, 0.80);--mikro-colors-whiteAlpha-900: rgba(255, 255, 255, 0.92);--mikro-colors-blackAlpha-50: rgba(0, 0, 0, 0.04);--mikro-colors-blackAlpha-100: rgba(0, 0, 0, 0.06);--mikro-colors-blackAlpha-200: rgba(0, 0, 0, 0.08);--mikro-colors-blackAlpha-300: rgba(0, 0, 0, 0.16);--mikro-colors-blackAlpha-400: rgba(0, 0, 0, 0.24);--mikro-colors-blackAlpha-500: rgba(0, 0, 0, 0.36);--mikro-colors-blackAlpha-600: rgba(0, 0, 0, 0.48);--mikro-colors-blackAlpha-700: rgba(0, 0, 0, 0.64);--mikro-colors-blackAlpha-800: rgba(0, 0, 0, 0.80);--mikro-colors-blackAlpha-900: rgba(0, 0, 0, 0.92);--mikro-colors-gray-50: #F7FAFC;--mikro-colors-gray-100: #EDF2F7;--mikro-colors-gray-200: #E2E8F0;--mikro-colors-gray-300: #CBD5E0;--mikro-colors-gray-400: #A0AEC0;--mikro-colors-gray-500: #718096;--mikro-colors-gray-600: #4A5568;--mikro-colors-gray-700: #2D3748;--mikro-colors-gray-800: #1A202C;--mikro-colors-gray-900: #171923;--mikro-colors-red-50: #FFF5F5;--mikro-colors-red-100: #FED7D7;--mikro-colors-red-200: #FEB2B2;--mikro-colors-red-300: #FC8181;--mikro-colors-red-400: #F56565;--mikro-colors-red-500: #E53E3E;--mikro-colors-red-600: #C53030;--mikro-colors-red-700: #9B2C2C;--mikro-colors-red-800: #822727;--mikro-colors-red-900: #63171B;--mikro-colors-orange-50: #FFFAF0;--mikro-colors-orange-100: #FEEBC8;--mikro-colors-orange-200: #FBD38D;--mikro-colors-orange-300: #F6AD55;--mikro-colors-orange-400: #ED8936;--mikro-colors-orange-500: #DD6B20;--mikro-colors-orange-600: #C05621;--mikro-colors-orange-700: #9C4221;--mikro-colors-orange-800: #7B341E;--mikro-colors-orange-900: #652B19;--mikro-colors-yellow-50: #FFFFF0;--mikro-colors-yellow-100: #FEFCBF;--mikro-colors-yellow-200: #FAF089;--mikro-colors-yellow-300: #F6E05E;--mikro-colors-yellow-400: #ECC94B;--mikro-colors-yellow-500: #D69E2E;--mikro-colors-yellow-600: #B7791F;--mikro-colors-yellow-700: #975A16;--mikro-colors-yellow-800: #744210;--mikro-colors-yellow-900: #5F370E;--mikro-colors-green-50: #F0FFF4;--mikro-colors-green-100: #C6F6D5;--mikro-colors-green-200: #9AE6B4;--mikro-colors-green-300: #68D391;--mikro-colors-green-400: #48BB78;--mikro-colors-green-500: #38A169;--mikro-colors-green-600: #2F855A;--mikro-colors-green-700: #276749;--mikro-colors-green-800: #22543D;--mikro-colors-green-900: #1C4532;--mikro-colors-teal-50: #E6FFFA;--mikro-colors-teal-100: #B2F5EA;--mikro-colors-teal-200: #81E6D9;--mikro-colors-teal-300: #4FD1C5;--mikro-colors-teal-400: #38B2AC;--mikro-colors-teal-500: #319795;--mikro-colors-teal-600: #2C7A7B;--mikro-colors-teal-700: #285E61;--mikro-colors-teal-800: #234E52;--mikro-colors-teal-900: #1D4044;--mikro-colors-blue-50: #ebf8ff;--mikro-colors-blue-100: #bee3f8;--mikro-colors-blue-200: #90cdf4;--mikro-colors-blue-300: #63b3ed;--mikro-colors-blue-400: #4299e1;--mikro-colors-blue-500: #3182ce;--mikro-colors-blue-600: #2b6cb0;--mikro-colors-blue-700: #2c5282;--mikro-colors-blue-800: #2a4365;--mikro-colors-blue-900: #1A365D;--mikro-colors-cyan-50: #EDFDFD;--mikro-colors-cyan-100: #C4F1F9;--mikro-colors-cyan-200: #9DECF9;--mikro-colors-cyan-300: #76E4F7;--mikro-colors-cyan-400: #0BC5EA;--mikro-colors-cyan-500: #00B5D8;--mikro-colors-cyan-600: #00A3C4;--mikro-colors-cyan-700: #0987A0;--mikro-colors-cyan-800: #086F83;--mikro-colors-cyan-900: #065666;--mikro-colors-purple-50: #FAF5FF;--mikro-colors-purple-100: #E9D8FD;--mikro-colors-purple-200: #D6BCFA;--mikro-colors-purple-300: #B794F4;--mikro-colors-purple-400: #9F7AEA;--mikro-colors-purple-500: #805AD5;--mikro-colors-purple-600: #6B46C1;--mikro-colors-purple-700: #553C9A;--mikro-colors-purple-800: #44337A;--mikro-colors-purple-900: #322659;--mikro-colors-pink-50: #FFF5F7;--mikro-colors-pink-100: #FED7E2;--mikro-colors-pink-200: #FBB6CE;--mikro-colors-pink-300: #F687B3;--mikro-colors-pink-400: #ED64A6;--mikro-colors-pink-500: #D53F8C;--mikro-colors-pink-600: #B83280;--mikro-colors-pink-700: #97266D;--mikro-colors-pink-800: #702459;--mikro-colors-pink-900: #521B41;--mikro-space-0: 0;--mikro-space-1: 0.25rem;--mikro-space-2: 0.5rem;--mikro-space-3: 0.75rem;--mikro-space-4: 1rem;--mikro-space-5: 1.25rem;--mikro-space-6: 1.5rem;--mikro-space-7: 1.75rem;--mikro-space-8: 2rem;--mikro-space-9: 2.25rem;--mikro-space-10: 2.5rem;--mikro-space-12: 3rem;--mikro-space-14: 3.5rem;--mikro-space-16: 4rem;--mikro-space-20: 5rem;--mikro-space-24: 6rem;--mikro-space-28: 7rem;--mikro-space-32: 8rem;--mikro-space-36: 9rem;--mikro-space-40: 10rem;--mikro-space-44: 11rem;--mikro-space-48: 12rem;--mikro-space-52: 13rem;--mikro-space-56: 14rem;--mikro-space-60: 15rem;--mikro-space-64: 16rem;--mikro-space-72: 18rem;--mikro-space-80: 20rem;--mikro-space-96: 24rem;--mikro-space-px: 1px;--mikro-space-0\.5: 0.125rem;--mikro-space-1\.5: 0.375rem;--mikro-space-2\.5: 0.625rem;--mikro-space-3\.5: 0.875rem;--mikro-sizes-0: 0;--mikro-sizes-1: 0.25rem;--mikro-sizes-2: 0.5rem;--mikro-sizes-3: 0.75rem;--mikro-sizes-4: 1rem;--mikro-sizes-5: 1.25rem;--mikro-sizes-6: 1.5rem;--mikro-sizes-7: 1.75rem;--mikro-sizes-8: 2rem;--mikro-sizes-9: 2.25rem;--mikro-sizes-10: 2.5rem;--mikro-sizes-12: 3rem;--mikro-sizes-14: 3.5rem;--mikro-sizes-16: 4rem;--mikro-sizes-20: 5rem;--mikro-sizes-24: 6rem;--mikro-sizes-28: 7rem;--mikro-sizes-32: 8rem;--mikro-sizes-36: 9rem;--mikro-sizes-40: 10rem;--mikro-sizes-44: 11rem;--mikro-sizes-48: 12rem;--mikro-sizes-52: 13rem;--mikro-sizes-56: 14rem;--mikro-sizes-60: 15rem;--mikro-sizes-64: 16rem;--mikro-sizes-72: 18rem;--mikro-sizes-80: 20rem;--mikro-sizes-96: 24rem;--mikro-sizes-px: 1px;--mikro-sizes-0\.5: 0.125rem;--mikro-sizes-1\.5: 0.375rem;--mikro-sizes-2\.5: 0.625rem;--mikro-sizes-3\.5: 0.875rem;--mikro-sizes-max: max-content;--mikro-sizes-min: min-content;--mikro-sizes-full: 100%;--mikro-sizes-3xs: 14rem;--mikro-sizes-2xs: 16rem;--mikro-sizes-xs: 20rem;--mikro-sizes-sm: 24rem;--mikro-sizes-md: 28rem;--mikro-sizes-lg: 32rem;--mikro-sizes-xl: 36rem;--mikro-sizes-2xl: 42rem;--mikro-sizes-3xl: 48rem;--mikro-sizes-4xl: 56rem;--mikro-sizes-5xl: 64rem;--mikro-sizes-6xl: 72rem;--mikro-sizes-7xl: 80rem;--mikro-sizes-8xl: 90rem;--mikro-sizes-container-sm: 640px;--mikro-sizes-container-md: 768px;--mikro-sizes-container-lg: 1024px;--mikro-sizes-container-xl: 1280px;--mikro-breakpoints-sm: 30em;--mikro-breakpoints-md: 48em;--mikro-breakpoints-lg: 62em;--mikro-breakpoints-xl: 80em;--mikro-breakpoints-2xl: 96em;--mikro-fonts-body: system-ui, sans-serif;--mikro-fonts-heading: Georgia, serif;--mikro-fonts-mono: Menlo, monospace;--mikro-fontSizes-xs: 0.75rem;--mikro-fontSizes-sm: 0.875rem;--mikro-fontSizes-md: 1rem;--mikro-fontSizes-lg: 1.125rem;--mikro-fontSizes-xl: 1.25rem;--mikro-fontSizes-2xl: 1.5rem;--mikro-fontSizes-3xl: 1.875rem;--mikro-fontSizes-4xl: 2.25rem;--mikro-fontSizes-5xl: 3rem;--mikro-fontSizes-6xl: 3.75rem;--mikro-fontSizes-7xl: 4.5rem;--mikro-fontSizes-8xl: 6rem;--mikro-fontSizes-9xl: 8rem;--mikro-lineHeights-3: .75rem;--mikro-lineHeights-4: 1rem;--mikro-lineHeights-5: 1.25rem;--mikro-lineHeights-6: 1.5rem;--mikro-lineHeights-7: 1.75rem;--mikro-lineHeights-8: 2rem;--mikro-lineHeights-9: 2.25rem;--mikro-lineHeights-10: 2.5rem;--mikro-lineHeights-normal: normal;--mikro-lineHeights-taller: 2;--mikro-letterSpacings-tighter: -0.05em;--mikro-letterSpacings-tight: -0.025em;--mikro-letterSpacings-normal: 0;--mikro-letterSpacings-wide: 0.025em;--mikro-letterSpacings-wider: 0.05em;--mikro-letterSpacings-widest: 0.1em;--mikro-zIndices-auto: auto;--mikro-radii-none: 0;--mikro-radii-sm: 0.125rem;--mikro-radii-base: 0.25rem;--mikro-radii-md: 0.375rem;--mikro-radii-lg: 0.5rem;--mikro-radii-xl: 0.75rem;--mikro-radii-2xl: 1rem;--mikro-radii-3xl: 1.5rem;--mikro-radii-full: 9999px; }
    
    html, body {
      margin: 0;
      padding: 0;
      border: 0;
      font-size: 100%;
      font: inherit;
      vertical-align: baseline;
    }
    
  
</style>
<style
  data-id="css-4ftojx"
>
  .css-4ftojx {display:flex;}
</style>
<div
  class="css-4ftojx"
/>