<style
  data-id="css-4ftojx"
>
  .css-4ftojx {display:flex;}
</style>
<div
  class="css-4ftojx"
/>