<style
  data-id="css-0"
>
  .css-0 {}
</style>
<div
  class="css-0"
>
  Test
</div>