<style
  data-id="css-0"
>
  .css-0 {}
</style>
<p
  class="css-0"
>
  Test
</p>