<style
  data-id="css-custom"
>
  
  .d-flex {
    display: flex;
  }

</style>